[16/05/2026 13:00:38] Nova mensagem de contato
Nome: joão henrique
E-mail: jhenriquegyn@hotmail.com
Telefone: 41 99969-8141
Assunto: Cadastro empresarial
Mensagem: Teste
------------------------------------------------------------
[19/05/2026 16:58:40] Nova mensagem de contato
Nome: Sophia Santana
E-mail: jhenriquegyn@hotmail.com
Telefone: 41 99969-8141
Assunto: Boletos e pagamentos
Mensagem: Teste 1
------------------------------------------------------------
[19/05/2026 17:06:45] Nova mensagem de contato
Nome: Sophia Santana
E-mail: jhenriquegyn@hotmail.com
Telefone: 41999999
Assunto: Cadastro empresarial
Mensagem: Teste 1
------------------------------------------------------------
[19/05/2026 17:07:11] Nova mensagem de contato
Nome: Sophia Santana
E-mail: jhenriquegyn@hotmail.com
Telefone: 41999999
Assunto: Cadastro empresarial
Mensagem: Teste 1
------------------------------------------------------------
[19/05/2026 17:07:17] Nova mensagem de contato
Nome: Sophia Santana
E-mail: jhenriquegyn@hotmail.com
Telefone: 41999999
Assunto: Cadastro empresarial
Mensagem: Teste 1
------------------------------------------------------------
[19/05/2026 17:07:35] Nova mensagem de contato
Nome: Sophia Santana
E-mail: jhenriquegyn@hotmail.com
Telefone: 41999999
Assunto: Boletos e pagamentos
Mensagem: oi
------------------------------------------------------------
[19/05/2026 17:29:27] Nova mensagem de contato
Nome: Sophia Santana
E-mail: jhenriquegyn@hotmail.com
Telefone: 41999999
Assunto: Boletos e pagamentos
Mensagem: oi
------------------------------------------------------------
[19/05/2026 17:29:57] Nova mensagem de contato
Nome: Sophia Santana
E-mail: sophiaflor1987@gmail.com
Telefone: 41999999
Assunto: Cadastro empresarial
Mensagem: teste 2
------------------------------------------------------------
[19/05/2026 17:35:12] Nova mensagem de contato
Nome: Sophia Santana
E-mail: sophiaflor1987@gmail.com
Telefone: 41999999
Assunto: Cadastro empresarial
Mensagem: teste 2
------------------------------------------------------------
